test_login_successful (Proiect_final_TA.pagina1.TestLoginPage.test_login_successful) ... ERROR
test_dashboard_elements (Proiect_final_TA.pagina1.TestDashboardPage.test_dashboard_elements) ... ERROR

======================================================================
ERROR: test_login_successful (Proiect_final_TA.pagina1.TestLoginPage.test_login_successful)
----------------------------------------------------------------------
Traceback (most recent call last):
  File "C:\Users\Simona\PycharmProjects\Project IT\Proiect_final_TA\pagina1.py", line 22, in test_login_successful
    self.driver.find_element(*username_input).send_keys("username")
    ^^^^^^^^^^^^^^^^^^^^^^^^^^^^^^^^^^^^^^^^^
  File "C:\Users\Simona\PycharmProjects\Project IT\venv\Lib\site-packages\selenium\webdriver\remote\webdriver.py", line 741, in find_element
    return self.execute(Command.FIND_ELEMENT, {"using": by, "value": value})["value"]
           ^^^^^^^^^^^^^^^^^^^^^^^^^^^^^^^^^^^^^^^^^^^^^^^^^^^^^^^^^^^^^^^^^
  File "C:\Users\Simona\PycharmProjects\Project IT\venv\Lib\site-packages\selenium\webdriver\remote\webdriver.py", line 347, in execute
    self.error_handler.check_response(response)
  File "C:\Users\Simona\PycharmProjects\Project IT\venv\Lib\site-packages\selenium\webdriver\remote\errorhandler.py", line 229, in check_response
    raise exception_class(message, screen, stacktrace)
selenium.common.exceptions.NoSuchElementException: Message: no such element: Unable to locate element: {"method":"css selector","selector":"[id="username"]"}
  (Session info: chrome=124.0.6367.203); For documentation on this error, please visit: https://www.selenium.dev/documentation/webdriver/troubleshooting/errors#no-such-element-exception
Stacktrace:
	GetHandleVerifier [0x00007FF6F6D81522+60802]
	(No symbol) [0x00007FF6F6CFAC22]
	(No symbol) [0x00007FF6F6BB7CE4]
	(No symbol) [0x00007FF6F6C06D4D]
	(No symbol) [0x00007FF6F6C06E1C]
	(No symbol) [0x00007FF6F6C4CE37]
	(No symbol) [0x00007FF6F6C2ABBF]
	(No symbol) [0x00007FF6F6C4A224]
	(No symbol) [0x00007FF6F6C2A923]
	(No symbol) [0x00007FF6F6BF8FEC]
	(No symbol) [0x00007FF6F6BF9C21]
	GetHandleVerifier [0x00007FF6F70841BD+3217949]
	GetHandleVerifier [0x00007FF6F70C6157+3488183]
	GetHandleVerifier [0x00007FF6F70BF0DF+3459391]
	GetHandleVerifier [0x00007FF6F6E3B8E6+823622]
	(No symbol) [0x00007FF6F6D05FBF]
	(No symbol) [0x00007FF6F6D00EE4]
	(No symbol) [0x00007FF6F6D01072]
	(No symbol) [0x00007FF6F6CF18C4]
	BaseThreadInitThunk [0x00007FF8C1FB257D+29]
	RtlUserThreadStart [0x00007FF8C39AAA48+40]


======================================================================
ERROR: test_dashboard_elements (Proiect_final_TA.pagina1.TestDashboardPage.test_dashboard_elements)
----------------------------------------------------------------------
Traceback (most recent call last):
  File "C:\Users\Simona\PycharmProjects\Project IT\Proiect_final_TA\pagina1.py", line 44, in test_dashboard_elements
    WebDriverWait(self.driver, 10).until(EC.visibility_of_element_located(welcome_message))
  File "C:\Users\Simona\PycharmProjects\Project IT\venv\Lib\site-packages\selenium\webdriver\support\wait.py", line 105, in until
    raise TimeoutException(message, screen, stacktrace)
selenium.common.exceptions.TimeoutException: Message: 
Stacktrace:
	GetHandleVerifier [0x00007FF6F6D81522+60802]
	(No symbol) [0x00007FF6F6CFAC22]
	(No symbol) [0x00007FF6F6BB7CE4]
	(No symbol) [0x00007FF6F6C06D4D]
	(No symbol) [0x00007FF6F6C06E1C]
	(No symbol) [0x00007FF6F6C4CE37]
	(No symbol) [0x00007FF6F6C2ABBF]
	(No symbol) [0x00007FF6F6C4A224]
	(No symbol) [0x00007FF6F6C2A923]
	(No symbol) [0x00007FF6F6BF8FEC]
	(No symbol) [0x00007FF6F6BF9C21]
	GetHandleVerifier [0x00007FF6F70841BD+3217949]
	GetHandleVerifier [0x00007FF6F70C6157+3488183]
	GetHandleVerifier [0x00007FF6F70BF0DF+3459391]
	GetHandleVerifier [0x00007FF6F6E3B8E6+823622]
	(No symbol) [0x00007FF6F6D05FBF]
	(No symbol) [0x00007FF6F6D00EE4]
	(No symbol) [0x00007FF6F6D01072]
	(No symbol) [0x00007FF6F6CF18C4]
	BaseThreadInitThunk [0x00007FF8C1FB257D+29]
	RtlUserThreadStart [0x00007FF8C39AAA48+40]


----------------------------------------------------------------------
Ran 2 tests in 34.971s

FAILED (errors=2)
